# serializer version: 1
# name: test_with_7_x_firmware[7.3.130]
  EnvoyData(encharge=None, enpower=None, system_consumption=EnvoySystemConsumption(watt_hours_lifetime=10154384, watt_hours_last_7_days=365477, watt_hours_today=15181, watts_now=1488), system_production=EnvoySystemProduction(watt_hours_lifetime=3659507, watt_hours_last_7_days=149973, watt_hours_today=87, watts_now=180), dry_contacts={}, inverters={'202218036214': EnvoyInverter(serial_number='202218036214', last_report_date=1691342432, last_report_watts=13, max_report_watts=347), '202218028926': EnvoyInverter(serial_number='202218028926', last_report_date=1691342462, last_report_watts=17, max_report_watts=346), '202218029586': EnvoyInverter(serial_number='202218029586', last_report_date=1691342643, last_report_watts=12, max_report_watts=347), '202218035988': EnvoyInverter(serial_number='202218035988', last_report_date=1691342613, last_report_watts=17, max_report_watts=348), '202218024705': EnvoyInverter(serial_number='202218024705', last_report_date=1691342553, last_report_watts=8, max_report_watts=345), '202218023114': EnvoyInverter(serial_number='202218023114', last_report_date=1691342554, last_report_watts=14, max_report_watts=346), '202218037990': EnvoyInverter(serial_number='202218037990', last_report_date=1691342525, last_report_watts=16, max_report_watts=348), '202218034002': EnvoyInverter(serial_number='202218034002', last_report_date=1691342555, last_report_watts=14, max_report_watts=345), '202218026521': EnvoyInverter(serial_number='202218026521', last_report_date=1691342464, last_report_watts=9, max_report_watts=347), '202218025399': EnvoyInverter(serial_number='202218025399', last_report_date=1691342465, last_report_watts=10, max_report_watts=350), '202218036386': EnvoyInverter(serial_number='202218036386', last_report_date=1691342584, last_report_watts=9, max_report_watts=346), '202218031593': EnvoyInverter(serial_number='202218031593', last_report_date=1691342674, last_report_watts=20, max_report_watts=348)}, raw={'production': {'consumption': [{'activeCount': 1, 'apprntPwr': 5237.703, 'measurementType': 'total-consumption', 'pwrFactor': 0.28, 'reactPwr': -1563.916, 'readingTime': 1691342720, 'rmsCurrent': 21.708, 'rmsVoltage': 241.282, 'type': 'eim', 'vahLifetime': 14686272.679, 'vahToday': 22487.679, 'varhLagLifetime': 998203.693, 'varhLagToday': 1456.693, 'varhLeadLifetime': 10691668.261, 'varhLeadToday': 13985.261, 'wNow': 1487.654, 'whLastSevenDays': 365477.252, 'whLifetime': 10154384.252, 'whToday': 15181.252}, {'activeCount': 1, 'apprntPwr': 2179.847, 'measurementType': 'net-consumption', 'pwrFactor': 0.61, 'reactPwr': -1595.09, 'readingTime': 1691342720, 'rmsCurrent': 18.131, 'rmsVoltage': 241.257, 'type': 'eim', 'vahLifetime': 14686272.679, 'vahToday': 0, 'varhLagLifetime': 258967.196, 'varhLagToday': 0, 'varhLeadLifetime': 10652521.7, 'varhLeadToday': 0, 'wNow': 1307.413, 'whLastSevenDays': 0, 'whLifetime': 7116678.51, 'whToday': 0}], 'production': [{'activeCount': 12, 'readingTime': 1691342674, 'type': 'inverters', 'wNow': 158, 'whLifetime': 142373}, {'activeCount': 1, 'apprntPwr': 430.612, 'measurementType': 'production', 'pwrFactor': 0.44, 'reactPwr': -31.173, 'readingTime': 1691342720, 'rmsCurrent': 3.577, 'rmsVoltage': 241.307, 'type': 'eim', 'vahLifetime': 4846261.636, 'vahToday': 1978.636, 'varhLagLifetime': 739236.497, 'varhLagToday': 1457.497, 'varhLeadLifetime': 39146.561, 'varhLeadToday': 40.561, 'wNow': 180.24, 'whLastSevenDays': 149972.523, 'whLifetime': 3659506.523, 'whToday': 86.523}], 'storage': [{'activeCount': 0, 'readingTime': 0, 'state': 'idle', 'type': 'acb', 'wNow': 0, 'whNow': 0}]}, 'inverters': [{'devType': 1, 'lastReportDate': 1691342432, 'lastReportWatts': 13, 'maxReportWatts': 347, 'serialNumber': '202218036214'}, {'devType': 1, 'lastReportDate': 1691342462, 'lastReportWatts': 17, 'maxReportWatts': 346, 'serialNumber': '202218028926'}, {'devType': 1, 'lastReportDate': 1691342643, 'lastReportWatts': 12, 'maxReportWatts': 347, 'serialNumber': '202218029586'}, {'devType': 1, 'lastReportDate': 1691342613, 'lastReportWatts': 17, 'maxReportWatts': 348, 'serialNumber': '202218035988'}, {'devType': 1, 'lastReportDate': 1691342553, 'lastReportWatts': 8, 'maxReportWatts': 345, 'serialNumber': '202218024705'}, {'devType': 1, 'lastReportDate': 1691342554, 'lastReportWatts': 14, 'maxReportWatts': 346, 'serialNumber': '202218023114'}, {'devType': 1, 'lastReportDate': 1691342525, 'lastReportWatts': 16, 'maxReportWatts': 348, 'serialNumber': '202218037990'}, {'devType': 1, 'lastReportDate': 1691342555, 'lastReportWatts': 14, 'maxReportWatts': 345, 'serialNumber': '202218034002'}, {'devType': 1, 'lastReportDate': 1691342464, 'lastReportWatts': 9, 'maxReportWatts': 347, 'serialNumber': '202218026521'}, {'devType': 1, 'lastReportDate': 1691342465, 'lastReportWatts': 10, 'maxReportWatts': 350, 'serialNumber': '202218025399'}, {'devType': 1, 'lastReportDate': 1691342584, 'lastReportWatts': 9, 'maxReportWatts': 346, 'serialNumber': '202218036386'}, {'devType': 1, 'lastReportDate': 1691342674, 'lastReportWatts': 20, 'maxReportWatts': 348, 'serialNumber': '202218031593'}]})
# ---
# name: test_with_7_x_firmware[7.3.517]
  EnvoyData(encharge=None, enpower=None, system_consumption=EnvoySystemConsumption(watt_hours_lifetime=26869751, watt_hours_last_7_days=433, watt_hours_today=28106, watts_now=2636), system_production=EnvoySystemProduction(watt_hours_lifetime=18774214, watt_hours_last_7_days=217064, watt_hours_today=5460, watts_now=1927), dry_contacts={}, inverters={'555555003473': EnvoyInverter(serial_number='555555003473', last_report_date=1691347757, last_report_watts=80, max_report_watts=246), '555555003484': EnvoyInverter(serial_number='555555003484', last_report_date=1691347848, last_report_watts=75, max_report_watts=245), '555555002877': EnvoyInverter(serial_number='555555002877', last_report_date=1691347908, last_report_watts=92, max_report_watts=246), '555555003803': EnvoyInverter(serial_number='555555003803', last_report_date=1691347997, last_report_watts=98, max_report_watts=247), '555555001781': EnvoyInverter(serial_number='555555001781', last_report_date=1691348028, last_report_watts=80, max_report_watts=245), '555555003467': EnvoyInverter(serial_number='555555003467', last_report_date=1691347938, last_report_watts=95, max_report_watts=246), '555555001326': EnvoyInverter(serial_number='555555001326', last_report_date=1691347968, last_report_watts=66, max_report_watts=245)}, raw={'production': {'consumption': [{'activeCount': 1, 'apprntPwr': 3055.579, 'measurementType': 'total-consumption', 'pwrFactor': 0.86, 'reactPwr': 0.494, 'readingTime': 1691348086, 'rmsCurrent': 25.741, 'rmsVoltage': 237.413, 'type': 'eim', 'vahLifetime': 34864895.418, 'vahToday': 29321.418, 'varhLagLifetime': -9012802.586, 'varhLagToday': 0.0, 'varhLeadLifetime': 12942059.838, 'varhLeadToday': 9848.838, 'wNow': 2636.12, 'whLastSevenDays': 433.171, 'whLifetime': 26869751.171, 'whToday': 28106.171}, {'activeCount': 1, 'apprntPwr': 1080.267, 'measurementType': 'net-consumption', 'pwrFactor': 0.64, 'reactPwr': -417.361, 'readingTime': 1691348086, 'rmsCurrent': 9.101, 'rmsVoltage': 237.413, 'type': 'eim', 'vahLifetime': 34864895.418, 'vahToday': 0, 'varhLagLifetime': 187382.979, 'varhLagToday': 0, 'varhLeadLifetime': 12942060.264, 'varhLeadToday': 0, 'wNow': 709.274, 'whLastSevenDays': 0, 'whLifetime': 8132470.296, 'whToday': 0}], 'production': [{'activeCount': 22, 'readingTime': 1691348064, 'type': 'inverters', 'wNow': 1896, 'whLifetime': 923583}, {'activeCount': 1, 'apprntPwr': 1976.65, 'measurementType': 'production', 'pwrFactor': 0.98, 'reactPwr': 417.855, 'readingTime': 1691348086, 'rmsCurrent': 16.64, 'rmsVoltage': 237.51, 'type': 'eim', 'vahLifetime': 24893612.021, 'vahToday': 10096.021, 'varhLagLifetime': 9200185.566, 'varhLagToday': 6531.566, 'varhLeadLifetime': 0.425, 'varhLeadToday': 0.425, 'wNow': 1926.847, 'whLastSevenDays': 217064.122, 'whLifetime': 18774214.122, 'whToday': 5460.122}], 'storage': [{'activeCount': 0, 'readingTime': 0, 'state': 'idle', 'type': 'acb', 'wNow': 0, 'whNow': 0}]}, 'inverters': [{'devType': 1, 'lastReportDate': 1691347757, 'lastReportWatts': 80, 'maxReportWatts': 246, 'serialNumber': '555555003473'}, {'devType': 1, 'lastReportDate': 1691347848, 'lastReportWatts': 75, 'maxReportWatts': 245, 'serialNumber': '555555003484'}, {'devType': 1, 'lastReportDate': 1691347908, 'lastReportWatts': 92, 'maxReportWatts': 246, 'serialNumber': '555555002877'}, {'devType': 1, 'lastReportDate': 1691347997, 'lastReportWatts': 98, 'maxReportWatts': 247, 'serialNumber': '555555003803'}, {'devType': 1, 'lastReportDate': 1691348028, 'lastReportWatts': 80, 'maxReportWatts': 245, 'serialNumber': '555555001781'}, {'devType': 1, 'lastReportDate': 1691347938, 'lastReportWatts': 95, 'maxReportWatts': 246, 'serialNumber': '555555003467'}, {'devType': 1, 'lastReportDate': 1691347968, 'lastReportWatts': 66, 'maxReportWatts': 245, 'serialNumber': '555555001326'}]})
# ---
# name: test_with_7_x_firmware[7.6.175]
  EnvoyData(encharge=None, enpower=None, system_consumption=None, system_production=EnvoySystemProduction(watt_hours_lifetime=8717473, watt_hours_last_7_days=107011, watt_hours_today=7883, watts_now=3391), dry_contacts={}, inverters={'122146078718': EnvoyInverter(serial_number='122146078718', last_report_date=1691318583, last_report_watts=273, max_report_watts=297), '122146075749': EnvoyInverter(serial_number='122146075749', last_report_date=1691318584, last_report_watts=270, max_report_watts=296), '122146076488': EnvoyInverter(serial_number='122146076488', last_report_date=1691318612, last_report_watts=260, max_report_watts=297), '122146076618': EnvoyInverter(serial_number='122146076618', last_report_date=1691318643, last_report_watts=250, max_report_watts=297), '122146076518': EnvoyInverter(serial_number='122146076518', last_report_date=1691318462, last_report_watts=290, max_report_watts=297), '122146076336': EnvoyInverter(serial_number='122146076336', last_report_date=1691318523, last_report_watts=275, max_report_watts=296), '122146076125': EnvoyInverter(serial_number='122146076125', last_report_date=1691318704, last_report_watts=229, max_report_watts=297), '122146076272': EnvoyInverter(serial_number='122146076272', last_report_date=1691318672, last_report_watts=243, max_report_watts=297), '122146076492': EnvoyInverter(serial_number='122146076492', last_report_date=1691318556, last_report_watts=273, max_report_watts=297), '122146076500': EnvoyInverter(serial_number='122146076500', last_report_date=1691318613, last_report_watts=259, max_report_watts=297), '122146076029': EnvoyInverter(serial_number='122146076029', last_report_date=1691318494, last_report_watts=281, max_report_watts=297), '122146078769': EnvoyInverter(serial_number='122146078769', last_report_date=1691318673, last_report_watts=243, max_report_watts=297), '122146076128': EnvoyInverter(serial_number='122146076128', last_report_date=1691318674, last_report_watts=245, max_report_watts=297)}, raw={'production': {'wattHoursLifetime': 8717473, 'wattHoursSevenDays': 107011, 'wattHoursToday': 7883, 'wattsNow': 3391}, 'inverters': [{'devType': 1, 'lastReportDate': 1691318583, 'lastReportWatts': 273, 'maxReportWatts': 297, 'serialNumber': '122146078718'}, {'devType': 1, 'lastReportDate': 1691318584, 'lastReportWatts': 270, 'maxReportWatts': 296, 'serialNumber': '122146075749'}, {'devType': 1, 'lastReportDate': 1691318612, 'lastReportWatts': 260, 'maxReportWatts': 297, 'serialNumber': '122146076488'}, {'devType': 1, 'lastReportDate': 1691318643, 'lastReportWatts': 250, 'maxReportWatts': 297, 'serialNumber': '122146076618'}, {'devType': 1, 'lastReportDate': 1691318462, 'lastReportWatts': 290, 'maxReportWatts': 297, 'serialNumber': '122146076518'}, {'devType': 1, 'lastReportDate': 1691318523, 'lastReportWatts': 275, 'maxReportWatts': 296, 'serialNumber': '122146076336'}, {'devType': 1, 'lastReportDate': 1691318704, 'lastReportWatts': 229, 'maxReportWatts': 297, 'serialNumber': '122146076125'}, {'devType': 1, 'lastReportDate': 1691318672, 'lastReportWatts': 243, 'maxReportWatts': 297, 'serialNumber': '122146076272'}, {'devType': 1, 'lastReportDate': 1691318556, 'lastReportWatts': 273, 'maxReportWatts': 297, 'serialNumber': '122146076492'}, {'devType': 1, 'lastReportDate': 1691318613, 'lastReportWatts': 259, 'maxReportWatts': 297, 'serialNumber': '122146076500'}, {'devType': 1, 'lastReportDate': 1691318494, 'lastReportWatts': 281, 'maxReportWatts': 297, 'serialNumber': '122146076029'}, {'devType': 1, 'lastReportDate': 1691318673, 'lastReportWatts': 243, 'maxReportWatts': 297, 'serialNumber': '122146078769'}, {'devType': 1, 'lastReportDate': 1691318674, 'lastReportWatts': 245, 'maxReportWatts': 297, 'serialNumber': '122146076128'}]})
# ---
# name: test_with_7_x_firmware[7.6.175_a]
  EnvoyData(encharge=None, enpower=None, system_consumption=None, system_production=EnvoySystemProduction(watt_hours_lifetime=6102944, watt_hours_last_7_days=193658, watt_hours_today=27389, watts_now=0), dry_contacts={}, inverters={'122219085275': EnvoyInverter(serial_number='122219085275', last_report_date=1691350298, last_report_watts=0, max_report_watts=314), '122219085086': EnvoyInverter(serial_number='122219085086', last_report_date=1691350170, last_report_watts=0, max_report_watts=339), '122219083015': EnvoyInverter(serial_number='122219083015', last_report_date=1691349883, last_report_watts=0, max_report_watts=307), '122219082033': EnvoyInverter(serial_number='122219082033', last_report_date=1691350211, last_report_watts=0, max_report_watts=324), '122220004338': EnvoyInverter(serial_number='122220004338', last_report_date=1691350262, last_report_watts=0, max_report_watts=323), '122219084557': EnvoyInverter(serial_number='122219084557', last_report_date=1691350140, last_report_watts=0, max_report_watts=312), '122220009431': EnvoyInverter(serial_number='122220009431', last_report_date=1691349963, last_report_watts=0, max_report_watts=340), '122219085710': EnvoyInverter(serial_number='122219085710', last_report_date=1691349706, last_report_watts=0, max_report_watts=327), '122218040027': EnvoyInverter(serial_number='122218040027', last_report_date=1691350391, last_report_watts=0, max_report_watts=345), '122219083049': EnvoyInverter(serial_number='122219083049', last_report_date=1691349940, last_report_watts=0, max_report_watts=315), '122219083804': EnvoyInverter(serial_number='122219083804', last_report_date=1691349993, last_report_watts=0, max_report_watts=338), '122219086026': EnvoyInverter(serial_number='122219086026', last_report_date=1691349770, last_report_watts=0, max_report_watts=319), '122219084937': EnvoyInverter(serial_number='122219084937', last_report_date=1691350227, last_report_watts=0, max_report_watts=312), '122218043128': EnvoyInverter(serial_number='122218043128', last_report_date=1691349944, last_report_watts=0, max_report_watts=342), '122218052484': EnvoyInverter(serial_number='122218052484', last_report_date=1691349996, last_report_watts=0, max_report_watts=341), '122219085199': EnvoyInverter(serial_number='122219085199', last_report_date=1691349921, last_report_watts=0, max_report_watts=326), '122218051640': EnvoyInverter(serial_number='122218051640', last_report_date=1691350154, last_report_watts=0, max_report_watts=345), '122219084578': EnvoyInverter(serial_number='122219084578', last_report_date=1691350118, last_report_watts=0, max_report_watts=335), '122219083053': EnvoyInverter(serial_number='122219083053', last_report_date=1691350237, last_report_watts=0, max_report_watts=315), '122219084138': EnvoyInverter(serial_number='122219084138', last_report_date=1691350242, last_report_watts=0, max_report_watts=307), '122218054157': EnvoyInverter(serial_number='122218054157', last_report_date=1691350160, last_report_watts=0, max_report_watts=345), '122218042847': EnvoyInverter(serial_number='122218042847', last_report_date=1691349901, last_report_watts=0, max_report_watts=335), '122220004813': EnvoyInverter(serial_number='122220004813', last_report_date=1691349903, last_report_watts=0, max_report_watts=336), '122218044477': EnvoyInverter(serial_number='122218044477', last_report_date=1691349877, last_report_watts=0, max_report_watts=346)}, raw={'production': {'wattHoursToday': 27389, 'wattHoursSevenDays': 193658, 'wattHoursLifetime': 6102944, 'wattsNow': 0}, 'inverters': [{'serialNumber': '122219085275', 'lastReportDate': 1691350298, 'devType': 1, 'lastReportWatts': 0, 'maxReportWatts': 314}, {'serialNumber': '122219085086', 'lastReportDate': 1691350170, 'devType': 1, 'lastReportWatts': 0, 'maxReportWatts': 339}, {'serialNumber': '122219083015', 'lastReportDate': 1691349883, 'devType': 1, 'lastReportWatts': 0, 'maxReportWatts': 307}, {'serialNumber': '122219082033', 'lastReportDate': 1691350211, 'devType': 1, 'lastReportWatts': 0, 'maxReportWatts': 324}, {'serialNumber': '122220004338', 'lastReportDate': 1691350262, 'devType': 1, 'lastReportWatts': 0, 'maxReportWatts': 323}, {'serialNumber': '122219084557', 'lastReportDate': 1691350140, 'devType': 1, 'lastReportWatts': 0, 'maxReportWatts': 312}, {'serialNumber': '122220009431', 'lastReportDate': 1691349963, 'devType': 1, 'lastReportWatts': 0, 'maxReportWatts': 340}, {'serialNumber': '122219085710', 'lastReportDate': 1691349706, 'devType': 1, 'lastReportWatts': 0, 'maxReportWatts': 327}, {'serialNumber': '122218040027', 'lastReportDate': 1691350391, 'devType': 1, 'lastReportWatts': 0, 'maxReportWatts': 345}, {'serialNumber': '122219083049', 'lastReportDate': 1691349940, 'devType': 1, 'lastReportWatts': 0, 'maxReportWatts': 315}, {'serialNumber': '122219083804', 'lastReportDate': 1691349993, 'devType': 1, 'lastReportWatts': 0, 'maxReportWatts': 338}, {'serialNumber': '122219086026', 'lastReportDate': 1691349770, 'devType': 1, 'lastReportWatts': 0, 'maxReportWatts': 319}, {'serialNumber': '122219084937', 'lastReportDate': 1691350227, 'devType': 1, 'lastReportWatts': 0, 'maxReportWatts': 312}, {'serialNumber': '122218043128', 'lastReportDate': 1691349944, 'devType': 1, 'lastReportWatts': 0, 'maxReportWatts': 342}, {'serialNumber': '122218052484', 'lastReportDate': 1691349996, 'devType': 1, 'lastReportWatts': 0, 'maxReportWatts': 341}, {'serialNumber': '122219085199', 'lastReportDate': 1691349921, 'devType': 1, 'lastReportWatts': 0, 'maxReportWatts': 326}, {'serialNumber': '122218051640', 'lastReportDate': 1691350154, 'devType': 1, 'lastReportWatts': 0, 'maxReportWatts': 345}, {'serialNumber': '122219084578', 'lastReportDate': 1691350118, 'devType': 1, 'lastReportWatts': 0, 'maxReportWatts': 335}, {'serialNumber': '122219083053', 'lastReportDate': 1691350237, 'devType': 1, 'lastReportWatts': 0, 'maxReportWatts': 315}, {'serialNumber': '122219084138', 'lastReportDate': 1691350242, 'devType': 1, 'lastReportWatts': 0, 'maxReportWatts': 307}, {'serialNumber': '122218054157', 'lastReportDate': 1691350160, 'devType': 1, 'lastReportWatts': 0, 'maxReportWatts': 345}, {'serialNumber': '122218042847', 'lastReportDate': 1691349901, 'devType': 1, 'lastReportWatts': 0, 'maxReportWatts': 335}, {'serialNumber': '122220004813', 'lastReportDate': 1691349903, 'devType': 1, 'lastReportWatts': 0, 'maxReportWatts': 336}, {'serialNumber': '122218044477', 'lastReportDate': 1691349877, 'devType': 1, 'lastReportWatts': 0, 'maxReportWatts': 346}]})
# ---
